// Jest Snapshot v1, https://goo.gl/fbAQLP

exports[`ForceFieldMMFF94 should generate force field 1`] = `
"
Actelion Java MolfileCreator 1.0

 15 14  0  0  0  0  0  0  0  0999 V2000
   -1.1823   -1.8787    5.4230 C   0  0  0  0  0  0  0  0  0  0  0  0
   -0.1689   -1.3450    4.5817 O   0  0  0  0  0  0  0  0  0  0  0  0
   -0.0219    0.0677    4.7622 C   0  0  0  0  0  0  0  0  0  0  0  0
    1.1020    0.5876    3.8706 C   0  0  0  0  0  0  0  0  0  0  0  0
    2.3619    0.1733    4.4177 O   0  0  0  0  0  0  0  0  0  0  0  0
    3.4290    0.7663    3.6172 N   0  0  0  0  0  0  0  0  0  0  0  0
   -2.1495   -1.4197    5.1964 H   0  0  0  0  0  0  0  0  0  0  0  0
   -0.9279   -1.7222    6.4757 H   0  0  0  0  0  0  0  0  0  0  0  0
   -1.2535   -2.9537    5.2372 H   0  0  0  0  0  0  0  0  0  0  0  0
   -0.9629    0.5558    4.4856 H   0  0  0  0  0  0  0  0  0  0  0  0
    0.2040    0.2740    5.8146 H   0  0  0  0  0  0  0  0  0  0  0  0
    1.0050    0.1852    2.8558 H   0  0  0  0  0  0  0  0  0  0  0  0
    1.0676    1.6828    3.8432 H   0  0  0  0  0  0  0  0  0  0  0  0
    4.0224    1.1628    4.3475 H   0  0  0  0  0  0  0  0  0  0  0  0
    3.9127   -0.0733    3.2930 H   0  0  0  0  0  0  0  0  0  0  0  0
  1  2  1  0  0  0  0
  2  3  1  0  0  0  0
  3  4  1  0  0  0  0
  4  5  1  0  0  0  0
  5  6  1  0  0  0  0
  1  7  1  0  0  0  0
  1  8  1  0  0  0  0
  1  9  1  0  0  0  0
  3 10  1  0  0  0  0
  3 11  1  0  0  0  0
  4 12  1  0  0  0  0
  4 13  1  0  0  0  0
  6 14  1  0  0  0  0
  6 15  1  0  0  0  0
M  END
"
`;
